Log file created, is host: true at: [2024-09-02T14:31:48.096186700]
Left Server at: [2024-09-02T14:32:38.559037400]
Log file created, is host: false at: [2024-09-02T14:33:12.511662800]
Left Server at: [2024-09-02T14:34:24.857558300]
Log file created, is host: false at: [2024-09-02T14:35:41.471103900]
Sent data: jojo: as;ldjfhal;sjkdfl;kasjd;fljasdl;kjkljkjkjkj at: [2024-09-02T14:35:58.171958300]
Sent data: jojo: ,mn,mn,mn,mn,m.n,m.n,.mn at: [2024-09-02T14:36:10.578757500]
Left Server at: [2024-09-02T14:37:35.773043200]
Log file created, is host: false at: [2024-09-02T14:41:31.695974100]
Left Server at: [2024-09-02T14:41:42.339385900]
Log file created, is host: false at: [2024-09-02T14:42:50.366557400]
Sent data: jojo: kljgklhgjhg at: [2024-09-02T14:43:05.905632400]
Sent data: jojo: hhhhhhhhhhhhhhhhhhhhhhhhhhhhhhhhhhhhhhhhhhhhhhhhhhhhhhhhhhhhhhhhhhhhhhhhhhhhhhhhhhh at: [2024-09-02T14:43:13.396089700]
Left Server at: [2024-09-02T14:43:29.733700100]
Log file created, is host: false at: [2024-09-02T14:43:58.648305500]
Sent data: jojo: kjhlkjhkljh at: [2024-09-02T14:44:04.369000700]
Left Server at: [2024-09-02T14:44:11.486759900]
Log file created, is host: false at: [2024-09-02T14:45:00.557840300]
Sent data: jojo: jkhkljhlkjhjkh at: [2024-09-02T14:45:06.339842100]
Left Server at: [2024-09-02T14:45:13.398066]
Log file created, is host: false at: [2024-09-02T14:45:16.873459600]
Sent data: jojo: bbbbbbbbbbbbbbbbbbbbbbbbbbbbbbbbbbbbbbb at: [2024-09-02T14:45:41.518321300]
Left Server at: [2024-09-02T14:45:51.819607900]
Log file created, is host: false at: [2024-09-02T14:46:53.405203500]
Left Server at: [2024-09-02T14:47:01.810928800]
Log file created, is host: false at: [2024-09-02T14:47:23.741110600]
Sent data: jojo: nbnnnnnnnnnnnnnnnnnnnnnnnnnnnnnnnnnnnnnnnnnnnnnnnnnnnnnnnn nnnnnnnnnnnnnnnnnnnnn at: [2024-09-02T14:47:35.690737400]
Sent data: jojo: uuuuuuuuuuuuuuuuuuuuuuuuuuuuuuuuuuuuuuuuuuuuuuuuuuuuuuuuuuuuuuuuuuuuuuuuuuuuuuuuuuuuuuuuuuuuuuuuuuuuuuuuuuuuuuuuuuuuuuuuuuuuuuuuuuuuuuuuuuuuuuuuuuuuuuuuuuuuuuuuuuuuuuuuuuuuuuuuuuuuuuuuuuuuuuuuuuuuuuuuuuuuuuuuuuuuuuuuuuuuuuuuuuuuuuuuuuuuuuuuuuuuuuuuuuuuuuuuuuuuuuuuuuuuuuuuuuuuuuuuuuuuuuuuuuuuuuuuuuuuuuuuuuuuuuuuu at: [2024-09-02T14:47:50.506313300]
Left Server at: [2024-09-02T14:48:14.189527300]
Log file created, is host: false at: [2024-09-02T14:48:57.893895500]
Left Server at: [2024-09-02T14:49:35.170995300]
Log file created, is host: false at: [2024-09-02T14:49:41.280278]
Left Server at: [2024-09-02T14:49:58.518950900]
Log file created, is host: false at: [2024-09-02T14:58:39.706951]
Left Server at: [2024-09-02T14:59:10.231064300]
Log file created, is host: false at: [2024-09-02T14:59:38.561616300]
Left Server at: [2024-09-02T14:59:44.721396]
Log file created, is host: false at: [2024-09-02T14:59:47.015370700]
Left Server at: [2024-09-02T15:00:08.715415300]
Log file created, is host: false at: [2024-09-02T15:00:30.689137800]
Left Server at: [2024-09-02T15:00:45.659621100]
Log file created, is host: false at: [2024-09-02T15:00:59.970239600]
Left Server at: [2024-09-02T15:01:10.609922]
Log file created, is host: false at: [2024-09-02T15:01:12.310366100]
Left Server at: [2024-09-02T15:01:38.413055]
Log file created, is host: false at: [2024-09-02T15:01:50.994369400]
Left Server at: [2024-09-02T15:03:36.875293600]
