Log file created, is host: true at: [2026-06-18T20:24:48.730386500]
Sent data: PONGPONG at: [2026-06-18T20:25:16.205133600]
Sent data: {"cursors":{"7492":{"curse":"{\"radius\":10,\"width\":0,\"height\":0,\"color\":0,\"style\":0,\"ID\":7492,\"id\":7492}","points":[{"x":420.0,"y":381.0}]}}} at: [2026-06-18T20:25:49.891051100]
Sent data: {"cursors":{"7492":{"curse":"{\"radius\":10,\"width\":0,\"height\":0,\"color\":-65536,\"style\":0,\"ID\":7492,\"id\":7492}","points":[]}}} at: [2026-06-18T20:25:50.002960500]
Sent data: {"cursors":{"7492":{"curse":"{\"radius\":10,\"width\":0,\"height\":0,\"color\":-65536,\"style\":0,\"ID\":7492,\"id\":7492}","points":[]}}} at: [2026-06-18T20:25:50.111024500]
Sent data: {"cursors":{"7492":{"curse":"{\"radius\":10,\"width\":0,\"height\":0,\"color\":-65536,\"style\":0,\"ID\":7492,\"id\":7492}","points":[]}}} at: [2026-06-18T20:25:50.220021500]
Sent data: {"cursors":{"7492":{"curse":"{\"radius\":10,\"width\":0,\"height\":0,\"color\":-65536,\"style\":0,\"ID\":7492,\"id\":7492}","points":[]}}} at: [2026-06-18T20:25:50.327970]
Sent data: {"cursors":{"7492":{"curse":"{\"radius\":10,\"width\":0,\"height\":0,\"color\":-65536,\"style\":0,\"ID\":7492,\"id\":7492}","points":[]}}} at: [2026-06-18T20:25:50.435975500]
Sent data: {"cursors":{"7492":{"curse":"{\"radius\":10,\"width\":0,\"height\":0,\"color\":-65536,\"style\":0,\"ID\":7492,\"id\":7492}","points":[]}}} at: [2026-06-18T20:25:50.545331500]
Sent data: {"cursors":{"7492":{"curse":"{\"radius\":10,\"width\":0,\"height\":0,\"color\":-65536,\"style\":0,\"ID\":7492,\"id\":7492}","points":[]}}} at: [2026-06-18T20:25:50.653676]
Sent data: {"cursors":{"7492":{"curse":"{\"radius\":10,\"width\":0,\"height\":0,\"color\":-65536,\"style\":0,\"ID\":7492,\"id\":7492}","points":[]}}} at: [2026-06-18T20:25:50.764294]
Sent data: {"cursors":{"7492":{"curse":"{\"radius\":10,\"width\":0,\"height\":0,\"color\":-65536,\"style\":0,\"ID\":7492,\"id\":7492}","points":[]}}} at: [2026-06-18T20:25:50.870034400]
Sent data: {"cursors":{"7492":{"curse":"{\"radius\":10,\"width\":0,\"height\":0,\"color\":-65536,\"style\":0,\"ID\":7492,\"id\":7492}","points":[]}}} at: [2026-06-18T20:25:50.979503600]
Sent data: {"cursors":{"7492":{"curse":"{\"radius\":10,\"width\":0,\"height\":0,\"color\":-65536,\"style\":0,\"ID\":7492,\"id\":7492}","points":[]}}} at: [2026-06-18T20:25:51.088048500]
Sent data: {"cursors":{"7492":{"curse":"{\"radius\":10,\"width\":0,\"height\":0,\"color\":-65536,\"style\":0,\"ID\":7492,\"id\":7492}","points":[{"x":370.0,"y":397.0}]}}} at: [2026-06-18T20:25:51.197493500]
Sent data: {"cursors":{"7492":{"curse":"{\"radius\":10,\"width\":0,\"height\":0,\"color\":-65536,\"style\":0,\"ID\":7492,\"id\":7492}","points":[]}}} at: [2026-06-18T20:25:51.306489900]
Sent data: {"cursors":{"7492":{"curse":"{\"radius\":10,\"width\":0,\"height\":0,\"color\":-65536,\"style\":0,\"ID\":7492,\"id\":7492}","points":[{"x":371.0,"y":397.0},{"x":373.0,"y":397.0},{"x":375.0,"y":398.0},{"x":378.0,"y":398.0},{"x":382.0,"y":398.0},{"x":386.0,"y":398.0},{"x":388.0,"y":398.0},{"x":389.0,"y":398.0}]}}} at: [2026-06-18T20:25:51.417489700]
Sent data: {"cursors":{"7492":{"curse":"{\"radius\":10,\"width\":0,\"height\":0,\"color\":-65536,\"style\":0,\"ID\":7492,\"id\":7492}","points":[]}}} at: [2026-06-18T20:25:51.525204]
Sent data: {"cursors":{"7492":{"curse":"{\"radius\":10,\"width\":0,\"height\":0,\"color\":-65536,\"style\":0,\"ID\":7492,\"id\":7492}","points":[]}}} at: [2026-06-18T20:25:51.632365900]
Left Server at: [2026-06-18T20:25:55.646211700]
