Log file created at: [2024-09-02T13:37:28.179837700]
Client Joined with usr: John Wick With Password: sWE1qW1uGy is host: true at: [2024-09-02T13:38:01.514586]
Client was accepted as a host at: [2024-09-02T13:38:01.531588600]
Created game: 65.891.99.6331 and password: sWE1qW1uGy at: [2024-09-02T13:38:01.532584800]
Client Handling Success at: [2024-09-02T13:38:01.535588100]


Client Joined with usr: John Wick With Password: sWE1qW1uGy is host: false at: [2024-09-02T14:01:04.788382800]
Client was accepted as a client at: [2024-09-02T14:01:04.792379600]
Client Handling Success at: [2024-09-02T14:01:04.792379600]


Client Joined with usr: John Wick With Password: sWE1qW1uGy is host: false at: [2024-09-02T14:01:50.952472600]
Client was accepted as a client at: [2024-09-02T14:01:50.954469600]
Client Handling Success at: [2024-09-02T14:01:50.954469600]


Client Joined with usr: John Wick With Password: EIwUY1tAXeP0 is host: true at: [2024-09-02T14:02:55.683423900]
Client was accepted as a host at: [2024-09-02T14:02:55.694481400]
Created game: 04.879.10.5535 and password: EIwUY1tAXeP0 at: [2024-09-02T14:02:55.695481700]
Client Handling Success at: [2024-09-02T14:02:55.695481700]


Client Joined with usr: Post Malone With Password: YgWUpGeX8ssqIiyf is host: true at: [2024-09-02T14:03:22.630844200]
Client was accepted as a host at: [2024-09-02T14:03:22.632843400]
Created game: 50.498.37.5844 and password: YgWUpGeX8ssqIiyf at: [2024-09-02T14:03:22.632843400]
Client Handling Success at: [2024-09-02T14:03:22.632843400]


Client Joined with usr: Post Malone With Password: EIwUY1tAXeP0 is host: false at: [2024-09-02T14:03:45.145086100]
Client was accepted as a client at: [2024-09-02T14:03:45.147085500]
Client Handling Success at: [2024-09-02T14:03:45.147085500]


Client Joined with usr: Post Malone With Password: YgWUpGeX8ssqIiyf is host: false at: [2024-09-02T14:12:07.889216200]
Client was accepted as a client at: [2024-09-02T14:12:07.890216500]
Client Handling Success at: [2024-09-02T14:12:07.891217200]


Client Joined with usr: Post Malone With Password: EIwUY1tAXeP0 is host: false at: [2024-09-02T14:12:07.893216300]
Client was accepted as a client at: [2024-09-02T14:12:07.894218]
Client Handling Success at: [2024-09-02T14:12:07.894218]


Client Joined with usr: John Wick With Password: EIwUY1tAXeP0 is host: false at: [2024-09-02T14:12:14.220306800]
Client was accepted as a client at: [2024-09-02T14:12:14.222307300]
Client Handling Success at: [2024-09-02T14:12:14.222307300]


Client Joined with usr: Post Malone With Password: YgWUpGeX8ssqIiyf is host: false at: [2024-09-02T14:18:19.792298600]
Client was accepted as a client at: [2024-09-02T14:18:19.795297400]
Client Handling Success at: [2024-09-02T14:18:19.795297400]


Client Joined with usr: Post Malone With Password: EIwUY1tAXeP0 is host: false at: [2024-09-02T14:18:19.800298600]
Client was accepted as a client at: [2024-09-02T14:18:19.813300]
Client Handling Success at: [2024-09-02T14:18:19.814299]


Client Joined with usr: John Wick With Password: smapu0g0cyuFQiC is host: true at: [2024-09-02T14:31:35.708835500]
Client was accepted as a host at: [2024-09-02T14:31:35.710838200]
Created game: 77.462.14.9124 and password: smapu0g0cyuFQiC at: [2024-09-02T14:31:35.711838500]
Client Handling Success at: [2024-09-02T14:31:35.711838500]


Client Joined with usr: jojo With Password: HkPMNeVZtTtC is host: true at: [2024-09-02T14:31:48.094184900]
Client was accepted as a host at: [2024-09-02T14:31:48.096186700]
Created game: 36.599.93.1713 and password: HkPMNeVZtTtC at: [2024-09-02T14:31:48.097188700]
Client Handling Success at: [2024-09-02T14:31:48.097188700]


Client Joined with usr: jojo With Password: smapu0g0cyuFQiC is host: false at: [2024-09-02T14:32:17.859486600]
Client was accepted as a client at: [2024-09-02T14:32:17.861489300]
Client Handling Success at: [2024-09-02T14:32:17.861489300]


Client Joined with usr: jojo With Password: HkPMNeVZtTtC is host: false at: [2024-09-02T14:33:12.510661200]
Client was accepted as a client at: [2024-09-02T14:33:12.512660100]
Client Handling Success at: [2024-09-02T14:33:12.512660100]


Client Joined with usr: jojo With Password: smapu0g0cyuFQiC is host: false at: [2024-09-02T14:33:12.521660400]
Client was accepted as a client at: [2024-09-02T14:33:12.522662]
Client Handling Success at: [2024-09-02T14:33:12.522662]


Client Joined with usr: John Wick With Password: smapu0g0cyuFQiC is host: false at: [2024-09-02T14:33:35.053661500]
Client was accepted as a client at: [2024-09-02T14:33:35.054664300]
Client Handling Success at: [2024-09-02T14:33:35.054664300]


Client Joined with usr: John Wick With Password: smapu0g0cyuFQiC is host: false at: [2024-09-02T14:35:32.284296800]
Client was accepted as a client at: [2024-09-02T14:35:32.286297500]
Client Handling Success at: [2024-09-02T14:35:32.286297500]


Client Joined with usr: jojo With Password: HkPMNeVZtTtC is host: false at: [2024-09-02T14:35:41.470105800]
Client was accepted as a client at: [2024-09-02T14:35:41.471103900]
Client Handling Success at: [2024-09-02T14:35:41.471103900]


Client Joined with usr: jojo With Password: smapu0g0cyuFQiC is host: false at: [2024-09-02T14:35:41.475146300]
Client was accepted as a client at: [2024-09-02T14:35:41.476132300]
Client Handling Success at: [2024-09-02T14:35:41.476132300]


Client Joined with usr: jojo With Password: HkPMNeVZtTtC is host: false at: [2024-09-02T14:41:31.694974900]
Client was accepted as a client at: [2024-09-02T14:41:31.695974100]
Client Handling Success at: [2024-09-02T14:41:31.695974100]


Client Joined with usr: jojo With Password: smapu0g0cyuFQiC is host: false at: [2024-09-02T14:41:31.697974300]
Client was accepted as a client at: [2024-09-02T14:41:31.699975]
Client Handling Success at: [2024-09-02T14:41:31.699975]


Client Joined with usr: jojo With Password: HkPMNeVZtTtC is host: false at: [2024-09-02T14:42:50.365554900]
Client was accepted as a client at: [2024-09-02T14:42:50.366557400]
Client Handling Success at: [2024-09-02T14:42:50.366557400]


Client Joined with usr: jojo With Password: smapu0g0cyuFQiC is host: false at: [2024-09-02T14:42:50.369556700]
Client was accepted as a client at: [2024-09-02T14:42:50.370556600]
Client Handling Success at: [2024-09-02T14:42:50.370556600]


Client Joined with usr: jojo With Password: HkPMNeVZtTtC is host: false at: [2024-09-02T14:43:58.646302200]
Client was accepted as a client at: [2024-09-02T14:43:58.649306500]
Client Handling Success at: [2024-09-02T14:43:58.649306500]


Client Joined with usr: jojo With Password: smapu0g0cyuFQiC is host: false at: [2024-09-02T14:43:58.653301700]
Client was accepted as a client at: [2024-09-02T14:43:58.655301600]
Client Handling Success at: [2024-09-02T14:43:58.655301600]


Client Joined with usr: jojo With Password: HkPMNeVZtTtC is host: false at: [2024-09-02T14:45:00.556848900]
Client was accepted as a client at: [2024-09-02T14:45:00.558838600]
Client Handling Success at: [2024-09-02T14:45:00.558838600]


Client Joined with usr: jojo With Password: smapu0g0cyuFQiC is host: false at: [2024-09-02T14:45:00.561835600]
Client was accepted as a client at: [2024-09-02T14:45:00.562838200]
Client Handling Success at: [2024-09-02T14:45:00.562838200]


Client Joined with usr: jojo With Password: HkPMNeVZtTtC is host: false at: [2024-09-02T14:45:16.872459100]
Client was accepted as a client at: [2024-09-02T14:45:16.873459600]
Client Handling Success at: [2024-09-02T14:45:16.874459300]


Client Joined with usr: jojo With Password: smapu0g0cyuFQiC is host: false at: [2024-09-02T14:45:16.877458800]
Client was accepted as a client at: [2024-09-02T14:45:16.878459700]
Client Handling Success at: [2024-09-02T14:45:16.878459700]


Client Joined with usr: jojo With Password: HkPMNeVZtTtC is host: false at: [2024-09-02T14:46:53.403202800]
Client was accepted as a client at: [2024-09-02T14:46:53.405203500]
Client Handling Success at: [2024-09-02T14:46:53.405203500]


Client Joined with usr: jojo With Password: smapu0g0cyuFQiC is host: false at: [2024-09-02T14:46:53.407201600]
Client was accepted as a client at: [2024-09-02T14:46:53.408202500]
Client Handling Success at: [2024-09-02T14:46:53.408202500]


Client Joined with usr: jojo With Password: HkPMNeVZtTtC is host: false at: [2024-09-02T14:47:23.740114800]
Client was accepted as a client at: [2024-09-02T14:47:23.742110400]
Client Handling Success at: [2024-09-02T14:47:23.742110400]


Client Joined with usr: jojo With Password: smapu0g0cyuFQiC is host: false at: [2024-09-02T14:47:23.744111500]
Client was accepted as a client at: [2024-09-02T14:47:23.745112100]
Client Handling Success at: [2024-09-02T14:47:23.746110700]


Client Joined with usr: jojo With Password: HkPMNeVZtTtC is host: false at: [2024-09-02T14:48:57.891895900]
Client was accepted as a client at: [2024-09-02T14:48:57.893895500]
Client Handling Success at: [2024-09-02T14:48:57.893895500]


Client Joined with usr: jojo With Password: smapu0g0cyuFQiC is host: false at: [2024-09-02T14:48:57.896895800]
Client was accepted as a client at: [2024-09-02T14:48:57.897895]
Client Handling Success at: [2024-09-02T14:48:57.897895]


Client Joined with usr: jojo With Password: 9DjFjrzPljMF98 is host: true at: [2024-09-02T14:49:03.345937300]
Client was accepted as a host at: [2024-09-02T14:49:03.347936]
Created game: 61.093.15.0643 and password: 9DjFjrzPljMF98 at: [2024-09-02T14:49:03.347936]
Client Handling Success at: [2024-09-02T14:49:03.347936]


Client Joined with usr: jojo With Password: HkPMNeVZtTtC is host: false at: [2024-09-02T14:49:41.279278500]
Client was accepted as a client at: [2024-09-02T14:49:41.280278]
Client Handling Success at: [2024-09-02T14:49:41.280278]


Client Joined with usr: jojo With Password: smapu0g0cyuFQiC is host: false at: [2024-09-02T14:49:41.283278800]
Client was accepted as a client at: [2024-09-02T14:49:41.284279100]
Client Handling Success at: [2024-09-02T14:49:41.284279100]


Client Joined with usr: jojo With Password: 9DjFjrzPljMF98 is host: false at: [2024-09-02T14:49:41.287276300]
Client was accepted as a client at: [2024-09-02T14:49:41.288276700]
Client Handling Success at: [2024-09-02T14:49:41.288276700]


Client Joined with usr: John Wick With Password: smapu0g0cyuFQiC is host: false at: [2024-09-02T14:57:28.360933300]
Client was accepted as a client at: [2024-09-02T14:57:28.365934]
Client Handling Success at: [2024-09-02T14:57:28.365934]


Client Joined with usr: John Wick With Password: U5SSZjM55FUp3YH is host: true at: [2024-09-02T14:57:35.236096800]
Client was accepted as a host at: [2024-09-02T14:57:35.238099]
Created game: 15.817.99.8669 and password: U5SSZjM55FUp3YH at: [2024-09-02T14:57:35.239098300]
Client Handling Success at: [2024-09-02T14:57:35.239098300]


Client Joined with usr: jojo With Password: HkPMNeVZtTtC is host: false at: [2024-09-02T14:58:39.705952600]
Client was accepted as a client at: [2024-09-02T14:58:39.707951300]
Client Handling Success at: [2024-09-02T14:58:39.707951300]


Client Joined with usr: jojo With Password: smapu0g0cyuFQiC is host: false at: [2024-09-02T14:58:39.709951600]
Client was accepted as a client at: [2024-09-02T14:58:39.710950700]
Client Handling Success at: [2024-09-02T14:58:39.710950700]


Client Joined with usr: jojo With Password: 9DjFjrzPljMF98 is host: false at: [2024-09-02T14:58:39.713951]
Client was accepted as a client at: [2024-09-02T14:58:39.714951900]
Client Handling Success at: [2024-09-02T14:58:39.714951900]


Client Joined with usr: jojo With Password: HkPMNeVZtTtC is host: false at: [2024-09-02T14:59:38.560614900]
Client was accepted as a client at: [2024-09-02T14:59:38.562617800]
Client Handling Success at: [2024-09-02T14:59:38.562617800]


Client Joined with usr: jojo With Password: smapu0g0cyuFQiC is host: false at: [2024-09-02T14:59:38.566617500]
Client was accepted as a client at: [2024-09-02T14:59:38.568616500]
Client Handling Success at: [2024-09-02T14:59:38.568616500]


Client Joined with usr: jojo With Password: 9DjFjrzPljMF98 is host: false at: [2024-09-02T14:59:38.572618100]
Client was accepted as a client at: [2024-09-02T14:59:38.573616200]
Client Handling Success at: [2024-09-02T14:59:38.573616200]


Client Joined with usr: jojo With Password: HkPMNeVZtTtC is host: false at: [2024-09-02T14:59:47.013368200]
Client was accepted as a client at: [2024-09-02T14:59:47.015370700]
Client Handling Success at: [2024-09-02T14:59:47.015370700]


Client Joined with usr: jojo With Password: smapu0g0cyuFQiC is host: false at: [2024-09-02T14:59:47.019367400]
Client was accepted as a client at: [2024-09-02T14:59:47.020368700]
Client Handling Success at: [2024-09-02T14:59:47.020368700]


Client Joined with usr: jojo With Password: 9DjFjrzPljMF98 is host: false at: [2024-09-02T14:59:47.024376500]
Client was accepted as a client at: [2024-09-02T14:59:47.026367]
Client Handling Success at: [2024-09-02T14:59:47.026367]


Client Joined with usr: jojo With Password: HkPMNeVZtTtC is host: false at: [2024-09-02T15:00:30.688139600]
Client was accepted as a client at: [2024-09-02T15:00:30.690136500]
Client Handling Success at: [2024-09-02T15:00:30.690136500]


Client Joined with usr: jojo With Password: smapu0g0cyuFQiC is host: false at: [2024-09-02T15:00:30.693143300]
Client was accepted as a client at: [2024-09-02T15:00:30.695139700]
Client Handling Success at: [2024-09-02T15:00:30.695139700]


Client Joined with usr: jojo With Password: 9DjFjrzPljMF98 is host: false at: [2024-09-02T15:00:30.699138]
Client was accepted as a client at: [2024-09-02T15:00:30.701142100]
Client Handling Success at: [2024-09-02T15:00:30.702142500]


Client Joined with usr: jojo With Password: b1MtRPPjOGhCI2yLZ is host: true at: [2024-09-02T15:00:31.775201200]
Client was accepted as a host at: [2024-09-02T15:00:31.777200500]
Created game: 01.862.30.9549 and password: b1MtRPPjOGhCI2yLZ at: [2024-09-02T15:00:31.778202200]
Client Handling Success at: [2024-09-02T15:00:31.779202400]


Client Joined with usr: jojo With Password: HkPMNeVZtTtC is host: false at: [2024-09-02T15:00:59.969243500]
Client was accepted as a client at: [2024-09-02T15:00:59.970239600]
Client Handling Success at: [2024-09-02T15:00:59.971240600]


Client Joined with usr: jojo With Password: smapu0g0cyuFQiC is host: false at: [2024-09-02T15:00:59.975242800]
Client was accepted as a client at: [2024-09-02T15:00:59.979241300]
Client Handling Success at: [2024-09-02T15:00:59.979241300]


Client Joined with usr: jojo With Password: 9DjFjrzPljMF98 is host: false at: [2024-09-02T15:00:59.983241600]
Client was accepted as a client at: [2024-09-02T15:00:59.984241300]
Client Handling Success at: [2024-09-02T15:00:59.984241300]


Client Joined with usr: jojo With Password: b1MtRPPjOGhCI2yLZ is host: false at: [2024-09-02T15:00:59.987241600]
Client was accepted as a client at: [2024-09-02T15:00:59.988241400]
Client Handling Success at: [2024-09-02T15:00:59.989239700]


Client Joined with usr: jojo With Password: HkPMNeVZtTtC is host: false at: [2024-09-02T15:01:12.309368300]
Client was accepted as a client at: [2024-09-02T15:01:12.310366100]
Client Handling Success at: [2024-09-02T15:01:12.310366100]


Client Joined with usr: jojo With Password: smapu0g0cyuFQiC is host: false at: [2024-09-02T15:01:12.313369100]
Client was accepted as a client at: [2024-09-02T15:01:12.314369400]
Client Handling Success at: [2024-09-02T15:01:12.314369400]


Client Joined with usr: jojo With Password: 9DjFjrzPljMF98 is host: false at: [2024-09-02T15:01:12.317370400]
Client was accepted as a client at: [2024-09-02T15:01:12.318369]
Client Handling Success at: [2024-09-02T15:01:12.319368]


Client Joined with usr: jojo With Password: b1MtRPPjOGhCI2yLZ is host: false at: [2024-09-02T15:01:12.322369600]
Client was accepted as a client at: [2024-09-02T15:01:12.324370400]
Client Handling Success at: [2024-09-02T15:01:12.324370400]


Client Joined with usr: jojo With Password: HkPMNeVZtTtC is host: false at: [2024-09-02T15:01:50.993368600]
Client was accepted as a client at: [2024-09-02T15:01:50.995371700]
Client Handling Success at: [2024-09-02T15:01:50.995371700]


Client Joined with usr: jojo With Password: smapu0g0cyuFQiC is host: false at: [2024-09-02T15:01:50.999367700]
Client was accepted as a client at: [2024-09-02T15:01:51.000370400]
Client Handling Success at: [2024-09-02T15:01:51.001373800]


Client Joined with usr: jojo With Password: 9DjFjrzPljMF98 is host: false at: [2024-09-02T15:01:51.003372]
Client was accepted as a client at: [2024-09-02T15:01:51.004369600]
Client Handling Success at: [2024-09-02T15:01:51.004369600]


Client Joined with usr: jojo With Password: b1MtRPPjOGhCI2yLZ is host: false at: [2024-09-02T15:01:51.007370300]
Client was accepted as a client at: [2024-09-02T15:01:51.008369700]
Client Handling Success at: [2024-09-02T15:01:51.008369700]


