Log file created, is host: true at: [2024-09-02T14:49:03.346937500]
Sent data: jojo: hhhhhhhhhhhhhhhhhhhhhhhhhhhhhhhhhhhhhhhhhhhhhhhhhhhhhhhhh at: [2024-09-02T14:49:10.721205200]
Sent data: jojo: bbbbbbbbbbbbbbbbbbbbbbbbbbbbbbbbbbbbbbbbbbbbbbbbbbbbbbbbbbbbbbbbbbbbbbbbbbbbbbbbbbbbbbbbbbbbbbbbbbbbb
 at: [2024-09-02T14:49:19.379476900]
Left Server at: [2024-09-02T14:49:33.937761200]
Log file created, is host: false at: [2024-09-02T14:49:41.287276300]
Sent data: jojo: kghlkgjhgkjhgkjgjkhhgjghkjhgbbbbbbbbbbbbbbbbbbbbbbbbbbbbbbbbbbbbbbbbbbbbbbbbbbbbbbb at: [2024-09-02T14:49:50.795895900]
Left Server at: [2024-09-02T14:49:58.542935700]
Log file created, is host: false at: [2024-09-02T14:58:39.713951]
Sent data: jojo: b at: [2024-09-02T14:58:46.825294700]
Sent data: jojo: vvvvvv at: [2024-09-02T14:58:50.921380400]
Sent data: jojo: bbbbbbbbbbbbbbbbbbbbbbbbbbbbbbbbbbbbbbbbbbbbbbbbbbbbbbbbbbbbbbbbbbbbbbbbbbbbbbbbbbbbbbbbbbbbbbbbbbbbbbbbbbbbbbbbbbbbbbbbbbbbbbbbbbbbbbbbbb at: [2024-09-02T14:58:59.492846800]
Left Server at: [2024-09-02T14:59:10.264065500]
Log file created, is host: false at: [2024-09-02T14:59:38.573616200]
Left Server at: [2024-09-02T14:59:44.738394800]
Log file created, is host: false at: [2024-09-02T14:59:47.025369800]
Sent data: jojo: bbbbbbbbbbbb at: [2024-09-02T14:59:53.723908900]
Sent data: jojo:  bbbhhhh at: [2024-09-02T15:00:00.278472700]
Left Server at: [2024-09-02T15:00:08.737411600]
Log file created, is host: false at: [2024-09-02T15:00:30.701142100]
Left Server at: [2024-09-02T15:00:45.779656700]
Log file created, is host: false at: [2024-09-02T15:00:59.984241300]
Left Server at: [2024-09-02T15:01:10.608923700]
Log file created, is host: false at: [2024-09-02T15:01:12.318369]
Left Server at: [2024-09-02T15:01:38.456116600]
Log file created, is host: false at: [2024-09-02T15:01:51.004369600]
Left Server at: [2024-09-02T15:03:36.842577500]
