Log file created, is host: false at: [2024-09-02T14:32:17.860485100]
Sent data: hello john at: [2024-09-02T14:32:19.810913500]
Left Server at: [2024-09-02T14:32:37.353104]
Log file created, is host: false at: [2024-09-02T14:33:12.522662]
Sent data: jojo: what up john at: [2024-09-02T14:33:48.715805700]
Recieved data: John Wick: hey jojo  at: [2024-09-02T14:33:55.163208]
Sent data: jojo: sadfjhaskdjhfklasjhdfkljahsdkjlfhakljshdfkjashdkjfhljkashdfkjhaskjdhfkjashdjkfhakjshdfkjahskjdfhkjasdhfkjhasdkjfhkjasdhfkjlajhslkdfhakjsldhfkjashdfjkhasjkdhfkjashdfkjhasdkjlhfkjlasdhfkjfffas at: [2024-09-02T14:34:13.989520]
Left Server at: [2024-09-02T14:34:25.558901]
Log file created, is host: false at: [2024-09-02T14:35:41.476132300]
Sent data: jojo: your so ugly and I hate you and you are funny but super wierd and idk what I am typeing but I hope that it is morea than 200000 words alskdjf;laskjdfl;askjdf at: [2024-09-02T14:36:46.587040100]
Sent data: jojo: hhhhhhhhhhhhhhhhhhhhhhhhhhhhhhhhhhhhhhhhhhhhhhhhhhhhhhhhhhhhhhhhhhhhhhhhhhhhhhhhhhhhhhhhhhhhhhhhhhhhhhhhhhhhhhhhhhhhhhhhhhhhhhhhhhhhhhhhhhhhhhhhhhhhhhhhhhhhhhhhhhhhhhhhhhhhhhhhhhhhhhhhhhhhhhhhhhhhhhhhhhhhhhhhhhhhhhhhhhhhhhhhhhhhhhhhhhhhhhhhhhhhhhhhhhhhhhhhhhhhhhhhhhhhhhhhhhhhhhhhhhhhhhhhhhhhhhhhhhhhhhhhhhhhhhhhhhhhhhhhhhhhhhhhhhhhhhhhhhhhhhhhhhhhhhhhhhhhhhhhhhhhhhhhhhhhhhhhhhhhhhhhhh at: [2024-09-02T14:37:10.813221400]
Left Server at: [2024-09-02T14:37:35.736047500]
Log file created, is host: false at: [2024-09-02T14:41:31.698974700]
Left Server at: [2024-09-02T14:41:42.317385800]
Log file created, is host: false at: [2024-09-02T14:42:50.370556600]
Left Server at: [2024-09-02T14:43:29.776725800]
Log file created, is host: false at: [2024-09-02T14:43:58.654302200]
Left Server at: [2024-09-02T14:44:11.518759900]
Log file created, is host: false at: [2024-09-02T14:45:00.561835600]
Left Server at: [2024-09-02T14:45:13.413059100]
Log file created, is host: false at: [2024-09-02T14:45:16.877458800]
Left Server at: [2024-09-02T14:45:51.848591400]
Log file created, is host: false at: [2024-09-02T14:46:53.408202500]
Left Server at: [2024-09-02T14:47:01.794925400]
Log file created, is host: false at: [2024-09-02T14:47:23.745112100]
Left Server at: [2024-09-02T14:48:14.189527300]
Log file created, is host: false at: [2024-09-02T14:48:57.897895]
Left Server at: [2024-09-02T14:49:35.160995100]
Log file created, is host: false at: [2024-09-02T14:49:41.284279100]
Left Server at: [2024-09-02T14:49:58.540937800]
Log file created, is host: false at: [2024-09-02T14:58:39.709951600]
Left Server at: [2024-09-02T14:59:10.257070100]
Log file created, is host: false at: [2024-09-02T14:59:38.567617800]
Left Server at: [2024-09-02T14:59:44.760395700]
Log file created, is host: false at: [2024-09-02T14:59:47.020368700]
Left Server at: [2024-09-02T15:00:08.668427500]
Log file created, is host: false at: [2024-09-02T15:00:30.694145]
Left Server at: [2024-09-02T15:00:45.694657200]
Log file created, is host: false at: [2024-09-02T15:00:59.977245100]
Left Server at: [2024-09-02T15:01:10.615925800]
Log file created, is host: false at: [2024-09-02T15:01:12.314369400]
Left Server at: [2024-09-02T15:01:38.413055]
Log file created, is host: false at: [2024-09-02T15:01:51.000370400]
Left Server at: [2024-09-02T15:03:36.888649]
